Archive member included to satisfy reference by file (symbol)

c:/st/stm32cubeide_1.1.0/stm32cubeide/plugins/com.st.stm32cube.ide.mcu.externaltools.gnu-tools-for-stm32.7-2018-q2-update.win32_1.0.0.201904181610/tools/bin/../lib/gcc/arm-none-eabi/7.3.1/../../../../arm-none-eabi/lib/thumb/v6-m\libc_nano.a(lib_a-exit.o)
                              c:/st/stm32cubeide_1.1.0/stm32cubeide/plugins/com.st.stm32cube.ide.mcu.externaltools.gnu-tools-for-stm32.7-2018-q2-update.win32_1.0.0.201904181610/tools/bin/../lib/gcc/arm-none-eabi/7.3.1/../../../../arm-none-eabi/lib/thumb/v6-m/crt0.o (exit)
c:/st/stm32cubeide_1.1.0/stm32cubeide/plugins/com.st.stm32cube.ide.mcu.externaltools.gnu-tools-for-stm32.7-2018-q2-update.win32_1.0.0.201904181610/tools/bin/../lib/gcc/arm-none-eabi/7.3.1/../../../../arm-none-eabi/lib/thumb/v6-m\libc_nano.a(lib_a-impure.o)
                              c:/st/stm32cubeide_1.1.0/stm32cubeide/plugins/com.st.stm32cube.ide.mcu.externaltools.gnu-tools-for-stm32.7-2018-q2-update.win32_1.0.0.201904181610/tools/bin/../lib/gcc/arm-none-eabi/7.3.1/../../../../arm-none-eabi/lib/thumb/v6-m\libc_nano.a(lib_a-exit.o) (_global_impure_ptr)
c:/st/stm32cubeide_1.1.0/stm32cubeide/plugins/com.st.stm32cube.ide.mcu.externaltools.gnu-tools-for-stm32.7-2018-q2-update.win32_1.0.0.201904181610/tools/bin/../lib/gcc/arm-none-eabi/7.3.1/../../../../arm-none-eabi/lib/thumb/v6-m\libc_nano.a(lib_a-init.o)
                              c:/st/stm32cubeide_1.1.0/stm32cubeide/plugins/com.st.stm32cube.ide.mcu.externaltools.gnu-tools-for-stm32.7-2018-q2-update.win32_1.0.0.201904181610/tools/bin/../lib/gcc/arm-none-eabi/7.3.1/../../../../arm-none-eabi/lib/thumb/v6-m/crt0.o (__libc_init_array)
c:/st/stm32cubeide_1.1.0/stm32cubeide/plugins/com.st.stm32cube.ide.mcu.externaltools.gnu-tools-for-stm32.7-2018-q2-update.win32_1.0.0.201904181610/tools/bin/../lib/gcc/arm-none-eabi/7.3.1/../../../../arm-none-eabi/lib/thumb/v6-m\libc_nano.a(lib_a-memset.o)
                              c:/st/stm32cubeide_1.1.0/stm32cubeide/plugins/com.st.stm32cube.ide.mcu.externaltools.gnu-tools-for-stm32.7-2018-q2-update.win32_1.0.0.201904181610/tools/bin/../lib/gcc/arm-none-eabi/7.3.1/../../../../arm-none-eabi/lib/thumb/v6-m/crt0.o (memset)
c:/st/stm32cubeide_1.1.0/stm32cubeide/plugins/com.st.stm32cube.ide.mcu.externaltools.gnu-tools-for-stm32.7-2018-q2-update.win32_1.0.0.201904181610/tools/bin/../lib/gcc/arm-none-eabi/7.3.1/../../../../arm-none-eabi/lib/thumb/v6-m\libc_nano.a(lib_a-strlen.o)
                              Src/spi.o (strlen)
c:/st/stm32cubeide_1.1.0/stm32cubeide/plugins/com.st.stm32cube.ide.mcu.externaltools.gnu-tools-for-stm32.7-2018-q2-update.win32_1.0.0.201904181610/tools/bin/../lib/gcc/arm-none-eabi/7.3.1/../../../../arm-none-eabi/lib/thumb/v6-m\libnosys.a(_exit.o)
                              c:/st/stm32cubeide_1.1.0/stm32cubeide/plugins/com.st.stm32cube.ide.mcu.externaltools.gnu-tools-for-stm32.7-2018-q2-update.win32_1.0.0.201904181610/tools/bin/../lib/gcc/arm-none-eabi/7.3.1/../../../../arm-none-eabi/lib/thumb/v6-m\libc_nano.a(lib_a-exit.o) (_exit)

Discarded input sections

 .text          0x0000000000000000        0x0 c:/st/stm32cubeide_1.1.0/stm32cubeide/plugins/com.st.stm32cube.ide.mcu.externaltools.gnu-tools-for-stm32.7-2018-q2-update.win32_1.0.0.201904181610/tools/bin/../lib/gcc/arm-none-eabi/7.3.1/thumb/v6-m/crti.o
 .data          0x0000000000000000        0x0 c:/st/stm32cubeide_1.1.0/stm32cubeide/plugins/com.st.stm32cube.ide.mcu.externaltools.gnu-tools-for-stm32.7-2018-q2-update.win32_1.0.0.201904181610/tools/bin/../lib/gcc/arm-none-eabi/7.3.1/thumb/v6-m/crti.o
 .bss           0x0000000000000000        0x0 c:/st/stm32cubeide_1.1.0/stm32cubeide/plugins/com.st.stm32cube.ide.mcu.externaltools.gnu-tools-for-stm32.7-2018-q2-update.win32_1.0.0.201904181610/tools/bin/../lib/gcc/arm-none-eabi/7.3.1/thumb/v6-m/crti.o
 .data          0x0000000000000000        0x4 c:/st/stm32cubeide_1.1.0/stm32cubeide/plugins/com.st.stm32cube.ide.mcu.externaltools.gnu-tools-for-stm32.7-2018-q2-update.win32_1.0.0.201904181610/tools/bin/../lib/gcc/arm-none-eabi/7.3.1/thumb/v6-m/crtbegin.o
 .text          0x0000000000000000       0x78 c:/st/stm32cubeide_1.1.0/stm32cubeide/plugins/com.st.stm32cube.ide.mcu.externaltools.gnu-tools-for-stm32.7-2018-q2-update.win32_1.0.0.201904181610/tools/bin/../lib/gcc/arm-none-eabi/7.3.1/../../../../arm-none-eabi/lib/thumb/v6-m/crt0.o
 .data          0x0000000000000000        0x0 c:/st/stm32cubeide_1.1.0/stm32cubeide/plugins/com.st.stm32cube.ide.mcu.externaltools.gnu-tools-for-stm32.7-2018-q2-update.win32_1.0.0.201904181610/tools/bin/../lib/gcc/arm-none-eabi/7.3.1/../../../../arm-none-eabi/lib/thumb/v6-m/crt0.o
 .bss           0x0000000000000000        0x0 c:/st/stm32cubeide_1.1.0/stm32cubeide/plugins/com.st.stm32cube.ide.mcu.externaltools.gnu-tools-for-stm32.7-2018-q2-update.win32_1.0.0.201904181610/tools/bin/../lib/gcc/arm-none-eabi/7.3.1/../../../../arm-none-eabi/lib/thumb/v6-m/crt0.o
 .ARM.extab     0x0000000000000000        0x0 c:/st/stm32cubeide_1.1.0/stm32cubeide/plugins/com.st.stm32cube.ide.mcu.externaltools.gnu-tools-for-stm32.7-2018-q2-update.win32_1.0.0.201904181610/tools/bin/../lib/gcc/arm-none-eabi/7.3.1/../../../../arm-none-eabi/lib/thumb/v6-m/crt0.o
 .ARM.exidx     0x0000000000000000        0x8 c:/st/stm32cubeide_1.1.0/stm32cubeide/plugins/com.st.stm32cube.ide.mcu.externaltools.gnu-tools-for-stm32.7-2018-q2-update.win32_1.0.0.201904181610/tools/bin/../lib/gcc/arm-none-eabi/7.3.1/../../../../arm-none-eabi/lib/thumb/v6-m/crt0.o
 .ARM.attributes
                0x0000000000000000       0x1b c:/st/stm32cubeide_1.1.0/stm32cubeide/plugins/com.st.stm32cube.ide.mcu.externaltools.gnu-tools-for-stm32.7-2018-q2-update.win32_1.0.0.201904181610/tools/bin/../lib/gcc/arm-none-eabi/7.3.1/../../../../arm-none-eabi/lib/thumb/v6-m/crt0.o
 .group         0x0000000000000000        0xc Drivers/Src/stm32f051xx_gpio_driver.o
 .group         0x0000000000000000        0xc Drivers/Src/stm32f051xx_gpio_driver.o
 .group         0x0000000000000000        0xc Drivers/Src/stm32f051xx_gpio_driver.o
 .group         0x0000000000000000        0xc Drivers/Src/stm32f051xx_gpio_driver.o
 .group         0x0000000000000000        0xc Drivers/Src/stm32f051xx_gpio_driver.o
 .group         0x0000000000000000        0xc Drivers/Src/stm32f051xx_gpio_driver.o
 .group         0x0000000000000000        0xc Drivers/Src/stm32f051xx_gpio_driver.o
 .group         0x0000000000000000        0xc Drivers/Src/stm32f051xx_gpio_driver.o
 .group         0x0000000000000000        0xc Drivers/Src/stm32f051xx_gpio_driver.o
 .text          0x0000000000000000        0x0 Drivers/Src/stm32f051xx_gpio_driver.o
 .data          0x0000000000000000        0x0 Drivers/Src/stm32f051xx_gpio_driver.o
 .bss           0x0000000000000000        0x0 Drivers/Src/stm32f051xx_gpio_driver.o
 .text.GPIO_DeInit
                0x0000000000000000      0x118 Drivers/Src/stm32f051xx_gpio_driver.o
 .text.GPIO_ReadFromInputPin
                0x0000000000000000       0x32 Drivers/Src/stm32f051xx_gpio_driver.o
 .text.GPIO_ReadFromInputPort
                0x0000000000000000       0x1e Drivers/Src/stm32f051xx_gpio_driver.o
 .text.GPIO_WriteToOutputPin
                0x0000000000000000       0x56 Drivers/Src/stm32f051xx_gpio_driver.o
 .text.GPIO_WriteToOutputPort
                0x0000000000000000       0x20 Drivers/Src/stm32f051xx_gpio_driver.o
 .text.GPIO_ToggleOutputPin
                0x0000000000000000       0x2a Drivers/Src/stm32f051xx_gpio_driver.o
 .text.GPIO_IRQInterruptCongif
                0x0000000000000000       0x58 Drivers/Src/stm32f051xx_gpio_driver.o
 .text.GPIO_IRQHandling
                0x0000000000000000       0x40 Drivers/Src/stm32f051xx_gpio_driver.o
 .text.GPIO_IRQPriorityConfig
                0x0000000000000000       0x6c Drivers/Src/stm32f051xx_gpio_driver.o
 .group         0x0000000000000000        0xc Drivers/Src/stm32f051xx_spi_driver.o
 .group         0x0000000000000000        0xc Drivers/Src/stm32f051xx_spi_driver.o
 .group         0x0000000000000000        0xc Drivers/Src/stm32f051xx_spi_driver.o
 .group         0x0000000000000000        0xc Drivers/Src/stm32f051xx_spi_driver.o
 .group         0x0000000000000000        0xc Drivers/Src/stm32f051xx_spi_driver.o
 .group         0x0000000000000000        0xc Drivers/Src/stm32f051xx_spi_driver.o
 .group         0x0000000000000000        0xc Drivers/Src/stm32f051xx_spi_driver.o
 .group         0x0000000000000000        0xc Drivers/Src/stm32f051xx_spi_driver.o
 .group         0x0000000000000000        0xc Drivers/Src/stm32f051xx_spi_driver.o
 .text          0x0000000000000000        0x0 Drivers/Src/stm32f051xx_spi_driver.o
 .data          0x0000000000000000        0x0 Drivers/Src/stm32f051xx_spi_driver.o
 .bss           0x0000000000000000        0x0 Drivers/Src/stm32f051xx_spi_driver.o
 .text.SPI_DeInit
                0x0000000000000000       0x6c Drivers/Src/stm32f051xx_spi_driver.o
 .text.SPI_ReceiveData
                0x0000000000000000       0x14 Drivers/Src/stm32f051xx_spi_driver.o
 .text.SPI_IRQInterruptCongif
                0x0000000000000000       0x1a Drivers/Src/stm32f051xx_spi_driver.o
 .text.SPI_IRQPriorityConfig
                0x0000000000000000       0x16 Drivers/Src/stm32f051xx_spi_driver.o
 .text.SPI_IRQHandling
                0x0000000000000000       0x10 Drivers/Src/stm32f051xx_spi_driver.o
 .debug_macro   0x0000000000000000      0xa54 Drivers/Src/stm32f051xx_spi_driver.o
 .debug_macro   0x0000000000000000       0x22 Drivers/Src/stm32f051xx_spi_driver.o
 .debug_macro   0x0000000000000000       0x8e Drivers/Src/stm32f051xx_spi_driver.o
 .debug_macro   0x0000000000000000       0x51 Drivers/Src/stm32f051xx_spi_driver.o
 .debug_macro   0x0000000000000000       0xef Drivers/Src/stm32f051xx_spi_driver.o
 .debug_macro   0x0000000000000000       0x6a Drivers/Src/stm32f051xx_spi_driver.o
 .debug_macro   0x0000000000000000      0x1df Drivers/Src/stm32f051xx_spi_driver.o
 .debug_macro   0x0000000000000000      0x3ff Drivers/Src/stm32f051xx_spi_driver.o
 .group         0x0000000000000000        0xc Src/spi.o
 .group         0x0000000000000000        0xc Src/spi.o
 .group         0x0000000000000000        0xc Src/spi.o
 .group         0x0000000000000000        0xc Src/spi.o
 .group         0x0000000000000000        0xc Src/spi.o
 .group         0x0000000000000000        0xc Src/spi.o
 .group         0x0000000000000000        0xc Src/spi.o
 .group         0x0000000000000000        0xc Src/spi.o
 .group         0x0000000000000000        0xc Src/spi.o
 .group         0x0000000000000000        0xc Src/spi.o
 .group         0x0000000000000000        0xc Src/spi.o
 .group         0x0000000000000000        0xc Src/spi.o
 .group         0x0000000000000000        0xc Src/spi.o
 .group         0x0000000000000000        0xc Src/spi.o
 .group         0x0000000000000000        0xc Src/spi.o
 .group         0x0000000000000000        0xc Src/spi.o
 .group         0x0000000000000000        0xc Src/spi.o
 .group         0x0000000000000000        0xc Src/spi.o
 .group         0x0000000000000000        0xc Src/spi.o
 .group         0x0000000000000000        0xc Src/spi.o
 .group         0x0000000000000000        0xc Src/spi.o
 .group         0x0000000000000000        0xc Src/spi.o
 .group         0x0000000000000000        0xc Src/spi.o
 .group         0x0000000000000000        0xc Src/spi.o
 .text          0x0000000000000000        0x0 Src/spi.o
 .data          0x0000000000000000        0x0 Src/spi.o
 .bss           0x0000000000000000        0x0 Src/spi.o
 .debug_macro   0x0000000000000000      0xa54 Src/spi.o
 .debug_macro   0x0000000000000000       0x22 Src/spi.o
 .debug_macro   0x0000000000000000       0x8e Src/spi.o
 .debug_macro   0x0000000000000000       0x51 Src/spi.o
 .debug_macro   0x0000000000000000       0xef Src/spi.o
 .debug_macro   0x0000000000000000       0x6a Src/spi.o
 .debug_macro   0x0000000000000000      0x1df Src/spi.o
 .debug_macro   0x0000000000000000      0x3ff Src/spi.o
 .debug_macro   0x0000000000000000       0xd0 Src/spi.o
 .debug_macro   0x0000000000000000       0x94 Src/spi.o
 .text          0x0000000000000000       0x14 Startup/startup_stm32f051r8tx.o
 .data          0x0000000000000000        0x0 Startup/startup_stm32f051r8tx.o
 .bss           0x0000000000000000        0x0 Startup/startup_stm32f051r8tx.o
 .text          0x0000000000000000        0x0 c:/st/stm32cubeide_1.1.0/stm32cubeide/plugins/com.st.stm32cube.ide.mcu.externaltools.gnu-tools-for-stm32.7-2018-q2-update.win32_1.0.0.201904181610/tools/bin/../lib/gcc/arm-none-eabi/7.3.1/../../../../arm-none-eabi/lib/thumb/v6-m\libc_nano.a(lib_a-exit.o)
 .data          0x0000000000000000        0x0 c:/st/stm32cubeide_1.1.0/stm32cubeide/plugins/com.st.stm32cube.ide.mcu.externaltools.gnu-tools-for-stm32.7-2018-q2-update.win32_1.0.0.201904181610/tools/bin/../lib/gcc/arm-none-eabi/7.3.1/../../../../arm-none-eabi/lib/thumb/v6-m\libc_nano.a(lib_a-exit.o)
 .bss           0x0000000000000000        0x0 c:/st/stm32cubeide_1.1.0/stm32cubeide/plugins/com.st.stm32cube.ide.mcu.externaltools.gnu-tools-for-stm32.7-2018-q2-update.win32_1.0.0.201904181610/tools/bin/../lib/gcc/arm-none-eabi/7.3.1/../../../../arm-none-eabi/lib/thumb/v6-m\libc_nano.a(lib_a-exit.o)
 .text.exit     0x0000000000000000       0x2c c:/st/stm32cubeide_1.1.0/stm32cubeide/plugins/com.st.stm32cube.ide.mcu.externaltools.gnu-tools-for-stm32.7-2018-q2-update.win32_1.0.0.201904181610/tools/bin/../lib/gcc/arm-none-eabi/7.3.1/../../../../arm-none-eabi/lib/thumb/v6-m\libc_nano.a(lib_a-exit.o)
 .debug_frame   0x0000000000000000       0x28 c:/st/stm32cubeide_1.1.0/stm32cubeide/plugins/com.st.stm32cube.ide.mcu.externaltools.gnu-tools-for-stm32.7-2018-q2-update.win32_1.0.0.201904181610/tools/bin/../lib/gcc/arm-none-eabi/7.3.1/../../../../arm-none-eabi/lib/thumb/v6-m\libc_nano.a(lib_a-exit.o)
 .ARM.attributes
                0x0000000000000000       0x2c c:/st/stm32cubeide_1.1.0/stm32cubeide/plugins/com.st.stm32cube.ide.mcu.externaltools.gnu-tools-for-stm32.7-2018-q2-update.win32_1.0.0.201904181610/tools/bin/../lib/gcc/arm-none-eabi/7.3.1/../../../../arm-none-eabi/lib/thumb/v6-m\libc_nano.a(lib_a-exit.o)
 .text          0x0000000000000000        0x0 c:/st/stm32cubeide_1.1.0/stm32cubeide/plugins/com.st.stm32cube.ide.mcu.externaltools.gnu-tools-for-stm32.7-2018-q2-update.win32_1.0.0.201904181610/tools/bin/../lib/gcc/arm-none-eabi/7.3.1/../../../../arm-none-eabi/lib/thumb/v6-m\libc_nano.a(lib_a-impure.o)
 .data          0x0000000000000000        0x0 c:/st/stm32cubeide_1.1.0/stm32cubeide/plugins/com.st.stm32cube.ide.mcu.externaltools.gnu-tools-for-stm32.7-2018-q2-update.win32_1.0.0.201904181610/tools/bin/../lib/gcc/arm-none-eabi/7.3.1/../../../../arm-none-eabi/lib/thumb/v6-m\libc_nano.a(lib_a-impure.o)
 .bss           0x0000000000000000        0x0 c:/st/stm32cubeide_1.1.0/stm32cubeide/plugins/com.st.stm32cube.ide.mcu.externaltools.gnu-tools-for-stm32.7-2018-q2-update.win32_1.0.0.201904181610/tools/bin/../lib/gcc/arm-none-eabi/7.3.1/../../../../arm-none-eabi/lib/thumb/v6-m\libc_nano.a(lib_a-impure.o)
 .data._impure_ptr
                0x0000000000000000        0x4 c:/st/stm32cubeide_1.1.0/stm32cubeide/plugins/com.st.stm32cube.ide.mcu.externaltools.gnu-tools-for-stm32.7-2018-q2-update.win32_1.0.0.201904181610/tools/bin/../lib/gcc/arm-none-eabi/7.3.1/../../../../arm-none-eabi/lib/thumb/v6-m\libc_nano.a(lib_a-impure.o)
 .data.impure_data
                0x0000000000000000       0x60 c:/st/stm32cubeide_1.1.0/stm32cubeide/plugins/com.st.stm32cube.ide.mcu.externaltools.gnu-tools-for-stm32.7-2018-q2-update.win32_1.0.0.201904181610/tools/bin/../lib/gcc/arm-none-eabi/7.3.1/../../../../arm-none-eabi/lib/thumb/v6-m\libc_nano.a(lib_a-impure.o)
 .rodata._global_impure_ptr
                0x0000000000000000        0x4 c:/st/stm32cubeide_1.1.0/stm32cubeide/plugins/com.st.stm32cube.ide.mcu.externaltools.gnu-tools-for-stm32.7-2018-q2-update.win32_1.0.0.201904181610/tools/bin/../lib/gcc/arm-none-eabi/7.3.1/../../../../arm-none-eabi/lib/thumb/v6-m\libc_nano.a(lib_a-impure.o)
 .ARM.attributes
                0x0000000000000000       0x2c c:/st/stm32cubeide_1.1.0/stm32cubeide/plugins/com.st.stm32cube.ide.mcu.externaltools.gnu-tools-for-stm32.7-2018-q2-update.win32_1.0.0.201904181610/tools/bin/../lib/gcc/arm-none-eabi/7.3.1/../../../../arm-none-eabi/lib/thumb/v6-m\libc_nano.a(lib_a-impure.o)
 .text          0x0000000000000000        0x0 c:/st/stm32cubeide_1.1.0/stm32cubeide/plugins/com.st.stm32cube.ide.mcu.externaltools.gnu-tools-for-stm32.7-2018-q2-update.win32_1.0.0.201904181610/tools/bin/../lib/gcc/arm-none-eabi/7.3.1/../../../../arm-none-eabi/lib/thumb/v6-m\libc_nano.a(lib_a-init.o)
 .data          0x0000000000000000        0x0 c:/st/stm32cubeide_1.1.0/stm32cubeide/plugins/com.st.stm32cube.ide.mcu.externaltools.gnu-tools-for-stm32.7-2018-q2-update.win32_1.0.0.201904181610/tools/bin/../lib/gcc/arm-none-eabi/7.3.1/../../../../arm-none-eabi/lib/thumb/v6-m\libc_nano.a(lib_a-init.o)
 .bss           0x0000000000000000        0x0 c:/st/stm32cubeide_1.1.0/stm32cubeide/plugins/com.st.stm32cube.ide.mcu.externaltools.gnu-tools-for-stm32.7-2018-q2-update.win32_1.0.0.201904181610/tools/bin/../lib/gcc/arm-none-eabi/7.3.1/../../../../arm-none-eabi/lib/thumb/v6-m\libc_nano.a(lib_a-init.o)
 .text          0x0000000000000000        0x0 c:/st/stm32cubeide_1.1.0/stm32cubeide/plugins/com.st.stm32cube.ide.mcu.externaltools.gnu-tools-for-stm32.7-2018-q2-update.win32_1.0.0.201904181610/tools/bin/../lib/gcc/arm-none-eabi/7.3.1/../../../../arm-none-eabi/lib/thumb/v6-m\libc_nano.a(lib_a-memset.o)
 .data          0x0000000000000000        0x0 c:/st/stm32cubeide_1.1.0/stm32cubeide/plugins/com.st.stm32cube.ide.mcu.externaltools.gnu-tools-for-stm32.7-2018-q2-update.win32_1.0.0.201904181610/tools/bin/../lib/gcc/arm-none-eabi/7.3.1/../../../../arm-none-eabi/lib/thumb/v6-m\libc_nano.a(lib_a-memset.o)
 .bss           0x0000000000000000        0x0 c:/st/stm32cubeide_1.1.0/stm32cubeide/plugins/com.st.stm32cube.ide.mcu.externaltools.gnu-tools-for-stm32.7-2018-q2-update.win32_1.0.0.201904181610/tools/bin/../lib/gcc/arm-none-eabi/7.3.1/../../../../arm-none-eabi/lib/thumb/v6-m\libc_nano.a(lib_a-memset.o)
 .text.memset   0x0000000000000000       0x10 c:/st/stm32cubeide_1.1.0/stm32cubeide/plugins/com.st.stm32cube.ide.mcu.externaltools.gnu-tools-for-stm32.7-2018-q2-update.win32_1.0.0.201904181610/tools/bin/../lib/gcc/arm-none-eabi/7.3.1/../../../../arm-none-eabi/lib/thumb/v6-m\libc_nano.a(lib_a-memset.o)
 .debug_frame   0x0000000000000000       0x20 c:/st/stm32cubeide_1.1.0/stm32cubeide/plugins/com.st.stm32cube.ide.mcu.externaltools.gnu-tools-for-stm32.7-2018-q2-update.win32_1.0.0.201904181610/tools/bin/../lib/gcc/arm-none-eabi/7.3.1/../../../../arm-none-eabi/lib/thumb/v6-m\libc_nano.a(lib_a-memset.o)
 .ARM.attributes
                0x0000000000000000       0x2c c:/st/stm32cubeide_1.1.0/stm32cubeide/plugins/com.st.stm32cube.ide.mcu.externaltools.gnu-tools-for-stm32.7-2018-q2-update.win32_1.0.0.201904181610/tools/bin/../lib/gcc/arm-none-eabi/7.3.1/../../../../arm-none-eabi/lib/thumb/v6-m\libc_nano.a(lib_a-memset.o)
 .data          0x0000000000000000        0x0 c:/st/stm32cubeide_1.1.0/stm32cubeide/plugins/com.st.stm32cube.ide.mcu.externaltools.gnu-tools-for-stm32.7-2018-q2-update.win32_1.0.0.201904181610/tools/bin/../lib/gcc/arm-none-eabi/7.3.1/../../../../arm-none-eabi/lib/thumb/v6-m\libc_nano.a(lib_a-strlen.o)
 .bss           0x0000000000000000        0x0 c:/st/stm32cubeide_1.1.0/stm32cubeide/plugins/com.st.stm32cube.ide.mcu.externaltools.gnu-tools-for-stm32.7-2018-q2-update.win32_1.0.0.201904181610/tools/bin/../lib/gcc/arm-none-eabi/7.3.1/../../../../arm-none-eabi/lib/thumb/v6-m\libc_nano.a(lib_a-strlen.o)
 .text          0x0000000000000000        0x0 c:/st/stm32cubeide_1.1.0/stm32cubeide/plugins/com.st.stm32cube.ide.mcu.externaltools.gnu-tools-for-stm32.7-2018-q2-update.win32_1.0.0.201904181610/tools/bin/../lib/gcc/arm-none-eabi/7.3.1/../../../../arm-none-eabi/lib/thumb/v6-m\libnosys.a(_exit.o)
 .data          0x0000000000000000        0x0 c:/st/stm32cubeide_1.1.0/stm32cubeide/plugins/com.st.stm32cube.ide.mcu.externaltools.gnu-tools-for-stm32.7-2018-q2-update.win32_1.0.0.201904181610/tools/bin/../lib/gcc/arm-none-eabi/7.3.1/../../../../arm-none-eabi/lib/thumb/v6-m\libnosys.a(_exit.o)
 .bss           0x0000000000000000        0x0 c:/st/stm32cubeide_1.1.0/stm32cubeide/plugins/com.st.stm32cube.ide.mcu.externaltools.gnu-tools-for-stm32.7-2018-q2-update.win32_1.0.0.201904181610/tools/bin/../lib/gcc/arm-none-eabi/7.3.1/../../../../arm-none-eabi/lib/thumb/v6-m\libnosys.a(_exit.o)
 .text._exit    0x0000000000000000        0x2 c:/st/stm32cubeide_1.1.0/stm32cubeide/plugins/com.st.stm32cube.ide.mcu.externaltools.gnu-tools-for-stm32.7-2018-q2-update.win32_1.0.0.201904181610/tools/bin/../lib/gcc/arm-none-eabi/7.3.1/../../../../arm-none-eabi/lib/thumb/v6-m\libnosys.a(_exit.o)
 .debug_frame   0x0000000000000000       0x20 c:/st/stm32cubeide_1.1.0/stm32cubeide/plugins/com.st.stm32cube.ide.mcu.externaltools.gnu-tools-for-stm32.7-2018-q2-update.win32_1.0.0.201904181610/tools/bin/../lib/gcc/arm-none-eabi/7.3.1/../../../../arm-none-eabi/lib/thumb/v6-m\libnosys.a(_exit.o)
 .ARM.attributes
                0x0000000000000000       0x2c c:/st/stm32cubeide_1.1.0/stm32cubeide/plugins/com.st.stm32cube.ide.mcu.externaltools.gnu-tools-for-stm32.7-2018-q2-update.win32_1.0.0.201904181610/tools/bin/../lib/gcc/arm-none-eabi/7.3.1/../../../../arm-none-eabi/lib/thumb/v6-m\libnosys.a(_exit.o)
 .text          0x0000000000000000        0x0 c:/st/stm32cubeide_1.1.0/stm32cubeide/plugins/com.st.stm32cube.ide.mcu.externaltools.gnu-tools-for-stm32.7-2018-q2-update.win32_1.0.0.201904181610/tools/bin/../lib/gcc/arm-none-eabi/7.3.1/thumb/v6-m/crtend.o
 .data          0x0000000000000000        0x0 c:/st/stm32cubeide_1.1.0/stm32cubeide/plugins/com.st.stm32cube.ide.mcu.externaltools.gnu-tools-for-stm32.7-2018-q2-update.win32_1.0.0.201904181610/tools/bin/../lib/gcc/arm-none-eabi/7.3.1/thumb/v6-m/crtend.o
 .bss           0x0000000000000000        0x0 c:/st/stm32cubeide_1.1.0/stm32cubeide/plugins/com.st.stm32cube.ide.mcu.externaltools.gnu-tools-for-stm32.7-2018-q2-update.win32_1.0.0.201904181610/tools/bin/../lib/gcc/arm-none-eabi/7.3.1/thumb/v6-m/crtend.o
 .eh_frame      0x0000000000000000        0x4 c:/st/stm32cubeide_1.1.0/stm32cubeide/plugins/com.st.stm32cube.ide.mcu.externaltools.gnu-tools-for-stm32.7-2018-q2-update.win32_1.0.0.201904181610/tools/bin/../lib/gcc/arm-none-eabi/7.3.1/thumb/v6-m/crtend.o
 .ARM.attributes
                0x0000000000000000       0x2c c:/st/stm32cubeide_1.1.0/stm32cubeide/plugins/com.st.stm32cube.ide.mcu.externaltools.gnu-tools-for-stm32.7-2018-q2-update.win32_1.0.0.201904181610/tools/bin/../lib/gcc/arm-none-eabi/7.3.1/thumb/v6-m/crtend.o
 .text          0x0000000000000000        0x0 c:/st/stm32cubeide_1.1.0/stm32cubeide/plugins/com.st.stm32cube.ide.mcu.externaltools.gnu-tools-for-stm32.7-2018-q2-update.win32_1.0.0.201904181610/tools/bin/../lib/gcc/arm-none-eabi/7.3.1/thumb/v6-m/crtn.o
 .data          0x0000000000000000        0x0 c:/st/stm32cubeide_1.1.0/stm32cubeide/plugins/com.st.stm32cube.ide.mcu.externaltools.gnu-tools-for-stm32.7-2018-q2-update.win32_1.0.0.201904181610/tools/bin/../lib/gcc/arm-none-eabi/7.3.1/thumb/v6-m/crtn.o
 .bss           0x0000000000000000        0x0 c:/st/stm32cubeide_1.1.0/stm32cubeide/plugins/com.st.stm32cube.ide.mcu.externaltools.gnu-tools-for-stm32.7-2018-q2-update.win32_1.0.0.201904181610/tools/bin/../lib/gcc/arm-none-eabi/7.3.1/thumb/v6-m/crtn.o

Memory Configuration

Name             Origin             Length             Attributes
RAM              0x0000000020000000 0x0000000000002000 xrw
ROM              0x0000000008000000 0x0000000000010000 xr
*default*        0x0000000000000000 0xffffffffffffffff

Linker script and memory map

LOAD c:/st/stm32cubeide_1.1.0/stm32cubeide/plugins/com.st.stm32cube.ide.mcu.externaltools.gnu-tools-for-stm32.7-2018-q2-update.win32_1.0.0.201904181610/tools/bin/../lib/gcc/arm-none-eabi/7.3.1/thumb/v6-m/crti.o
LOAD c:/st/stm32cubeide_1.1.0/stm32cubeide/plugins/com.st.stm32cube.ide.mcu.externaltools.gnu-tools-for-stm32.7-2018-q2-update.win32_1.0.0.201904181610/tools/bin/../lib/gcc/arm-none-eabi/7.3.1/thumb/v6-m/crtbegin.o
LOAD c:/st/stm32cubeide_1.1.0/stm32cubeide/plugins/com.st.stm32cube.ide.mcu.externaltools.gnu-tools-for-stm32.7-2018-q2-update.win32_1.0.0.201904181610/tools/bin/../lib/gcc/arm-none-eabi/7.3.1/../../../../arm-none-eabi/lib/thumb/v6-m/crt0.o
LOAD Drivers/Src/stm32f051xx_gpio_driver.o
LOAD Drivers/Src/stm32f051xx_spi_driver.o
LOAD Src/spi.o
LOAD Startup/startup_stm32f051r8tx.o
START GROUP
LOAD c:/st/stm32cubeide_1.1.0/stm32cubeide/plugins/com.st.stm32cube.ide.mcu.externaltools.gnu-tools-for-stm32.7-2018-q2-update.win32_1.0.0.201904181610/tools/bin/../lib/gcc/arm-none-eabi/7.3.1/../../../../arm-none-eabi/lib/thumb/v6-m\libc_nano.a
LOAD c:/st/stm32cubeide_1.1.0/stm32cubeide/plugins/com.st.stm32cube.ide.mcu.externaltools.gnu-tools-for-stm32.7-2018-q2-update.win32_1.0.0.201904181610/tools/bin/../lib/gcc/arm-none-eabi/7.3.1/../../../../arm-none-eabi/lib/thumb/v6-m\libm.a
END GROUP
START GROUP
LOAD c:/st/stm32cubeide_1.1.0/stm32cubeide/plugins/com.st.stm32cube.ide.mcu.externaltools.gnu-tools-for-stm32.7-2018-q2-update.win32_1.0.0.201904181610/tools/bin/../lib/gcc/arm-none-eabi/7.3.1/thumb/v6-m\libgcc.a
LOAD c:/st/stm32cubeide_1.1.0/stm32cubeide/plugins/com.st.stm32cube.ide.mcu.externaltools.gnu-tools-for-stm32.7-2018-q2-update.win32_1.0.0.201904181610/tools/bin/../lib/gcc/arm-none-eabi/7.3.1/../../../../arm-none-eabi/lib/thumb/v6-m\libc_nano.a
END GROUP
START GROUP
LOAD c:/st/stm32cubeide_1.1.0/stm32cubeide/plugins/com.st.stm32cube.ide.mcu.externaltools.gnu-tools-for-stm32.7-2018-q2-update.win32_1.0.0.201904181610/tools/bin/../lib/gcc/arm-none-eabi/7.3.1/thumb/v6-m\libgcc.a
LOAD c:/st/stm32cubeide_1.1.0/stm32cubeide/plugins/com.st.stm32cube.ide.mcu.externaltools.gnu-tools-for-stm32.7-2018-q2-update.win32_1.0.0.201904181610/tools/bin/../lib/gcc/arm-none-eabi/7.3.1/../../../../arm-none-eabi/lib/thumb/v6-m\libc_nano.a
LOAD c:/st/stm32cubeide_1.1.0/stm32cubeide/plugins/com.st.stm32cube.ide.mcu.externaltools.gnu-tools-for-stm32.7-2018-q2-update.win32_1.0.0.201904181610/tools/bin/../lib/gcc/arm-none-eabi/7.3.1/../../../../arm-none-eabi/lib/thumb/v6-m\libnosys.a
END GROUP
START GROUP
LOAD c:/st/stm32cubeide_1.1.0/stm32cubeide/plugins/com.st.stm32cube.ide.mcu.externaltools.gnu-tools-for-stm32.7-2018-q2-update.win32_1.0.0.201904181610/tools/bin/../lib/gcc/arm-none-eabi/7.3.1/thumb/v6-m\libgcc.a
LOAD c:/st/stm32cubeide_1.1.0/stm32cubeide/plugins/com.st.stm32cube.ide.mcu.externaltools.gnu-tools-for-stm32.7-2018-q2-update.win32_1.0.0.201904181610/tools/bin/../lib/gcc/arm-none-eabi/7.3.1/../../../../arm-none-eabi/lib/thumb/v6-m\libc_nano.a
LOAD c:/st/stm32cubeide_1.1.0/stm32cubeide/plugins/com.st.stm32cube.ide.mcu.externaltools.gnu-tools-for-stm32.7-2018-q2-update.win32_1.0.0.201904181610/tools/bin/../lib/gcc/arm-none-eabi/7.3.1/../../../../arm-none-eabi/lib/thumb/v6-m\libnosys.a
END GROUP
LOAD c:/st/stm32cubeide_1.1.0/stm32cubeide/plugins/com.st.stm32cube.ide.mcu.externaltools.gnu-tools-for-stm32.7-2018-q2-update.win32_1.0.0.201904181610/tools/bin/../lib/gcc/arm-none-eabi/7.3.1/thumb/v6-m/crtend.o
LOAD c:/st/stm32cubeide_1.1.0/stm32cubeide/plugins/com.st.stm32cube.ide.mcu.externaltools.gnu-tools-for-stm32.7-2018-q2-update.win32_1.0.0.201904181610/tools/bin/../lib/gcc/arm-none-eabi/7.3.1/thumb/v6-m/crtn.o
                0x0000000020002000                _estack = (ORIGIN (RAM) + LENGTH (RAM))
                0x0000000000000200                _Min_Heap_Size = 0x200
                0x0000000000000400                _Min_Stack_Size = 0x400

.isr_vector     0x0000000008000000       0xc0
                0x0000000008000000                . = ALIGN (0x4)
 *(.isr_vector)
 .isr_vector    0x0000000008000000       0xc0 Startup/startup_stm32f051r8tx.o
                0x0000000008000000                g_pfnVectors
                0x00000000080000c0                . = ALIGN (0x4)

.text           0x00000000080000c0      0x8f8
                0x00000000080000c0                . = ALIGN (0x4)
 *(.text)
 .text          0x00000000080000c0       0x48 c:/st/stm32cubeide_1.1.0/stm32cubeide/plugins/com.st.stm32cube.ide.mcu.externaltools.gnu-tools-for-stm32.7-2018-q2-update.win32_1.0.0.201904181610/tools/bin/../lib/gcc/arm-none-eabi/7.3.1/thumb/v6-m/crtbegin.o
 .text          0x0000000008000108        0xe c:/st/stm32cubeide_1.1.0/stm32cubeide/plugins/com.st.stm32cube.ide.mcu.externaltools.gnu-tools-for-stm32.7-2018-q2-update.win32_1.0.0.201904181610/tools/bin/../lib/gcc/arm-none-eabi/7.3.1/../../../../arm-none-eabi/lib/thumb/v6-m\libc_nano.a(lib_a-strlen.o)
                0x0000000008000108                strlen
 *(.text*)
 *fill*         0x0000000008000116        0x2 
 .text.GPIO_PeriClockControl
                0x0000000008000118      0x164 Drivers/Src/stm32f051xx_gpio_driver.o
                0x0000000008000118                GPIO_PeriClockControl
 .text.GPIO_Init
                0x000000000800027c      0x340 Drivers/Src/stm32f051xx_gpio_driver.o
                0x000000000800027c                GPIO_Init
 .text.SPI_PeriClockControl
                0x00000000080005bc       0x8c Drivers/Src/stm32f051xx_spi_driver.o
                0x00000000080005bc                SPI_PeriClockControl
 .text.SPI_Init
                0x0000000008000648       0xc0 Drivers/Src/stm32f051xx_spi_driver.o
                0x0000000008000648                SPI_Init
 .text.SPI_GetSRFlagStatus
                0x0000000008000708       0x20 Drivers/Src/stm32f051xx_spi_driver.o
                0x0000000008000708                SPI_GetSRFlagStatus
 .text.SPI_SendData
                0x0000000008000728       0x74 Drivers/Src/stm32f051xx_spi_driver.o
                0x0000000008000728                SPI_SendData
 .text.SPI_PeripheralControl
                0x000000000800079c       0x3a Drivers/Src/stm32f051xx_spi_driver.o
                0x000000000800079c                SPI_PeripheralControl
 *fill*         0x00000000080007d6        0x2 
 .text.SPI_SSIConfig
                0x00000000080007d8       0x40 Drivers/Src/stm32f051xx_spi_driver.o
                0x00000000080007d8                SPI_SSIConfig
 .text.SPI2_GPIOInit
                0x0000000008000818       0x58 Src/spi.o
                0x0000000008000818                SPI2_GPIOInit
 .text.SPI2_Init
                0x0000000008000870       0x4c Src/spi.o
                0x0000000008000870                SPI2_Init
 .text.main     0x00000000080008bc       0x48 Src/spi.o
                0x00000000080008bc                main
 .text.Reset_Handler
                0x0000000008000904       0x50 Startup/startup_stm32f051r8tx.o
                0x0000000008000904                Reset_Handler
 .text.Default_Handler
                0x0000000008000954        0x2 Startup/startup_stm32f051r8tx.o
                0x0000000008000954                DMA1_CH4_5_6_7_DMA2_CH3_4_5_IRQHandler
                0x0000000008000954                TIM1_CC_IRQHandler
                0x0000000008000954                TSC_IRQHandler
                0x0000000008000954                HardFault_Handler
                0x0000000008000954                SysTick_Handler
                0x0000000008000954                PVD_IRQHandler
                0x0000000008000954                PendSV_Handler
                0x0000000008000954                NMI_Handler
                0x0000000008000954                I2C1_IRQHandler
                0x0000000008000954                RCC_CRS_IRQHandler
                0x0000000008000954                SPI1_IRQHandler
                0x0000000008000954                TIM6_DAC_IRQHandler
                0x0000000008000954                EXTI2_3_IRQHandler
                0x0000000008000954                I2C2_IRQHandler
                0x0000000008000954                TIM17_IRQHandler
                0x0000000008000954                CEC_CAN_IRQHandler
                0x0000000008000954                RTC_IRQHandler
                0x0000000008000954                TIM16_IRQHandler
                0x0000000008000954                TIM3_IRQHandler
                0x0000000008000954                EXTI4_15_IRQHandler
                0x0000000008000954                Default_Handler
                0x0000000008000954                DMA1_CH2_3_DMA2_CH1_2_IRQHandler
                0x0000000008000954                TIM14_IRQHandler
                0x0000000008000954                TIM7_IRQHandler
                0x0000000008000954                TIM15_IRQHandler
                0x0000000008000954                EXTI0_1_IRQHandler
                0x0000000008000954                USB_IRQHandler
                0x0000000008000954                SPI2_IRQHandler
                0x0000000008000954                DMA1_CH1_IRQHandler
                0x0000000008000954                SVC_Handler
                0x0000000008000954                WWDG_IRQHandler
                0x0000000008000954                TIM2_IRQHandler
                0x0000000008000954                ADC_COMP_IRQHandler
                0x0000000008000954                USART2_IRQHandler
                0x0000000008000954                USART3_4_5_6_7_8_IRQHandler
                0x0000000008000954                FLASH_IRQHandler
                0x0000000008000954                USART1_IRQHandler
                0x0000000008000954                TIM1_BRK_UP_TRG_COM_IRQHandler
 *fill*         0x0000000008000956        0x2 
 .text.__libc_init_array
                0x0000000008000958       0x48 c:/st/stm32cubeide_1.1.0/stm32cubeide/plugins/com.st.stm32cube.ide.mcu.externaltools.gnu-tools-for-stm32.7-2018-q2-update.win32_1.0.0.201904181610/tools/bin/../lib/gcc/arm-none-eabi/7.3.1/../../../../arm-none-eabi/lib/thumb/v6-m\libc_nano.a(lib_a-init.o)
                0x0000000008000958                __libc_init_array
 *(.glue_7)
 .glue_7        0x00000000080009a0        0x0 linker stubs
 *(.glue_7t)
 .glue_7t       0x00000000080009a0        0x0 linker stubs
 *(.eh_frame)
 .eh_frame      0x00000000080009a0        0x0 c:/st/stm32cubeide_1.1.0/stm32cubeide/plugins/com.st.stm32cube.ide.mcu.externaltools.gnu-tools-for-stm32.7-2018-q2-update.win32_1.0.0.201904181610/tools/bin/../lib/gcc/arm-none-eabi/7.3.1/thumb/v6-m/crtbegin.o
 *(.init)
 .init          0x00000000080009a0        0x4 c:/st/stm32cubeide_1.1.0/stm32cubeide/plugins/com.st.stm32cube.ide.mcu.externaltools.gnu-tools-for-stm32.7-2018-q2-update.win32_1.0.0.201904181610/tools/bin/../lib/gcc/arm-none-eabi/7.3.1/thumb/v6-m/crti.o
                0x00000000080009a0                _init
 .init          0x00000000080009a4        0x8 c:/st/stm32cubeide_1.1.0/stm32cubeide/plugins/com.st.stm32cube.ide.mcu.externaltools.gnu-tools-for-stm32.7-2018-q2-update.win32_1.0.0.201904181610/tools/bin/../lib/gcc/arm-none-eabi/7.3.1/thumb/v6-m/crtn.o
 *(.fini)
 .fini          0x00000000080009ac        0x4 c:/st/stm32cubeide_1.1.0/stm32cubeide/plugins/com.st.stm32cube.ide.mcu.externaltools.gnu-tools-for-stm32.7-2018-q2-update.win32_1.0.0.201904181610/tools/bin/../lib/gcc/arm-none-eabi/7.3.1/thumb/v6-m/crti.o
                0x00000000080009ac                _fini
 .fini          0x00000000080009b0        0x8 c:/st/stm32cubeide_1.1.0/stm32cubeide/plugins/com.st.stm32cube.ide.mcu.externaltools.gnu-tools-for-stm32.7-2018-q2-update.win32_1.0.0.201904181610/tools/bin/../lib/gcc/arm-none-eabi/7.3.1/thumb/v6-m/crtn.o
                0x00000000080009b8                . = ALIGN (0x4)
                0x00000000080009b8                _etext = .

.vfp11_veneer   0x00000000080009b8        0x0
 .vfp11_veneer  0x00000000080009b8        0x0 linker stubs

.v4_bx          0x00000000080009b8        0x0
 .v4_bx         0x00000000080009b8        0x0 linker stubs

.iplt           0x00000000080009b8        0x0
 .iplt          0x00000000080009b8        0x0 c:/st/stm32cubeide_1.1.0/stm32cubeide/plugins/com.st.stm32cube.ide.mcu.externaltools.gnu-tools-for-stm32.7-2018-q2-update.win32_1.0.0.201904181610/tools/bin/../lib/gcc/arm-none-eabi/7.3.1/thumb/v6-m/crtbegin.o

.rodata         0x00000000080009b8        0xc
                0x00000000080009b8                . = ALIGN (0x4)
 *(.rodata)
 .rodata        0x00000000080009b8        0xc Src/spi.o
 *(.rodata*)
                0x00000000080009c4                . = ALIGN (0x4)

.rel.dyn        0x00000000080009c4        0x0
 .rel.iplt      0x00000000080009c4        0x0 c:/st/stm32cubeide_1.1.0/stm32cubeide/plugins/com.st.stm32cube.ide.mcu.externaltools.gnu-tools-for-stm32.7-2018-q2-update.win32_1.0.0.201904181610/tools/bin/../lib/gcc/arm-none-eabi/7.3.1/thumb/v6-m/crtbegin.o

.ARM.extab      0x00000000080009c4        0x0
                0x00000000080009c4                . = ALIGN (0x4)
 *(.ARM.extab* .gnu.linkonce.armextab.*)
                0x00000000080009c4                . = ALIGN (0x4)

.ARM            0x00000000080009c4        0x0
                0x00000000080009c4                . = ALIGN (0x4)
                0x00000000080009c4                __exidx_start = .
 *(.ARM.exidx*)
                0x00000000080009c4                __exidx_end = .
                0x00000000080009c4                . = ALIGN (0x4)

.preinit_array  0x00000000080009c4        0x0
                0x00000000080009c4                . = ALIGN (0x4)
                0x00000000080009c4                PROVIDE (__preinit_array_start = .)
 *(.preinit_array*)
                0x00000000080009c4                PROVIDE (__preinit_array_end = .)
                0x00000000080009c4                . = ALIGN (0x4)

.init_array     0x00000000080009c4        0x4
                0x00000000080009c4                . = ALIGN (0x4)
                0x00000000080009c4                PROVIDE (__init_array_start = .)
 *(SORT_BY_NAME(.init_array.*))
 *(.init_array*)
 .init_array    0x00000000080009c4        0x4 c:/st/stm32cubeide_1.1.0/stm32cubeide/plugins/com.st.stm32cube.ide.mcu.externaltools.gnu-tools-for-stm32.7-2018-q2-update.win32_1.0.0.201904181610/tools/bin/../lib/gcc/arm-none-eabi/7.3.1/thumb/v6-m/crtbegin.o
                0x00000000080009c8                PROVIDE (__init_array_end = .)
                0x00000000080009c8                . = ALIGN (0x4)

.fini_array     0x00000000080009c8        0x4
                0x00000000080009c8                . = ALIGN (0x4)
                [!provide]                        PROVIDE (__fini_array_start = .)
 *(SORT_BY_NAME(.fini_array.*))
 *(.fini_array*)
 .fini_array    0x00000000080009c8        0x4 c:/st/stm32cubeide_1.1.0/stm32cubeide/plugins/com.st.stm32cube.ide.mcu.externaltools.gnu-tools-for-stm32.7-2018-q2-update.win32_1.0.0.201904181610/tools/bin/../lib/gcc/arm-none-eabi/7.3.1/thumb/v6-m/crtbegin.o
                [!provide]                        PROVIDE (__fini_array_end = .)
                0x00000000080009cc                . = ALIGN (0x4)
                0x00000000080009cc                _sidata = LOADADDR (.data)

.data           0x0000000020000000        0x0 load address 0x00000000080009cc
                0x0000000020000000                . = ALIGN (0x4)
                0x0000000020000000                _sdata = .
 *(.data)
 *(.data*)
                0x0000000020000000                . = ALIGN (0x4)
                0x0000000020000000                _edata = .

.igot.plt       0x0000000020000000        0x0 load address 0x00000000080009cc
 .igot.plt      0x0000000020000000        0x0 c:/st/stm32cubeide_1.1.0/stm32cubeide/plugins/com.st.stm32cube.ide.mcu.externaltools.gnu-tools-for-stm32.7-2018-q2-update.win32_1.0.0.201904181610/tools/bin/../lib/gcc/arm-none-eabi/7.3.1/thumb/v6-m/crtbegin.o
                0x0000000020000000                . = ALIGN (0x4)

.bss            0x0000000020000000       0x1c load address 0x00000000080009cc
                0x0000000020000000                _sbss = .
                0x0000000020000000                __bss_start__ = _sbss
 *(.bss)
 .bss           0x0000000020000000       0x1c c:/st/stm32cubeide_1.1.0/stm32cubeide/plugins/com.st.stm32cube.ide.mcu.externaltools.gnu-tools-for-stm32.7-2018-q2-update.win32_1.0.0.201904181610/tools/bin/../lib/gcc/arm-none-eabi/7.3.1/thumb/v6-m/crtbegin.o
 *(.bss*)
 *(COMMON)
                0x000000002000001c                . = ALIGN (0x4)
                0x000000002000001c                _ebss = .
                0x000000002000001c                __bss_end__ = _ebss

._user_heap_stack
                0x000000002000001c      0x604 load address 0x00000000080009cc
                0x0000000020000020                . = ALIGN (0x8)
 *fill*         0x000000002000001c        0x4 
                [!provide]                        PROVIDE (end = .)
                [!provide]                        PROVIDE (_end = .)
                0x0000000020000220                . = (. + _Min_Heap_Size)
 *fill*         0x0000000020000020      0x200 
                0x0000000020000620                . = (. + _Min_Stack_Size)
 *fill*         0x0000000020000220      0x400 
                0x0000000020000620                . = ALIGN (0x8)

/DISCARD/
 libc.a(*)
 libm.a(*)
 libgcc.a(*)

.ARM.attributes
                0x0000000000000000       0x28
 *(.ARM.attributes)
 .ARM.attributes
                0x0000000000000000       0x1e c:/st/stm32cubeide_1.1.0/stm32cubeide/plugins/com.st.stm32cube.ide.mcu.externaltools.gnu-tools-for-stm32.7-2018-q2-update.win32_1.0.0.201904181610/tools/bin/../lib/gcc/arm-none-eabi/7.3.1/thumb/v6-m/crti.o
 .ARM.attributes
                0x000000000000001e       0x2c c:/st/stm32cubeide_1.1.0/stm32cubeide/plugins/com.st.stm32cube.ide.mcu.externaltools.gnu-tools-for-stm32.7-2018-q2-update.win32_1.0.0.201904181610/tools/bin/../lib/gcc/arm-none-eabi/7.3.1/thumb/v6-m/crtbegin.o
 .ARM.attributes
                0x000000000000004a       0x31 Drivers/Src/stm32f051xx_gpio_driver.o
 .ARM.attributes
                0x000000000000007b       0x31 Drivers/Src/stm32f051xx_spi_driver.o
 .ARM.attributes
                0x00000000000000ac       0x31 Src/spi.o
 .ARM.attributes
                0x00000000000000dd       0x21 Startup/startup_stm32f051r8tx.o
 .ARM.attributes
                0x00000000000000fe       0x2c c:/st/stm32cubeide_1.1.0/stm32cubeide/plugins/com.st.stm32cube.ide.mcu.externaltools.gnu-tools-for-stm32.7-2018-q2-update.win32_1.0.0.201904181610/tools/bin/../lib/gcc/arm-none-eabi/7.3.1/../../../../arm-none-eabi/lib/thumb/v6-m\libc_nano.a(lib_a-init.o)
 .ARM.attributes
                0x000000000000012a       0x1c c:/st/stm32cubeide_1.1.0/stm32cubeide/plugins/com.st.stm32cube.ide.mcu.externaltools.gnu-tools-for-stm32.7-2018-q2-update.win32_1.0.0.201904181610/tools/bin/../lib/gcc/arm-none-eabi/7.3.1/../../../../arm-none-eabi/lib/thumb/v6-m\libc_nano.a(lib_a-strlen.o)
 .ARM.attributes
                0x0000000000000146       0x1e c:/st/stm32cubeide_1.1.0/stm32cubeide/plugins/com.st.stm32cube.ide.mcu.externaltools.gnu-tools-for-stm32.7-2018-q2-update.win32_1.0.0.201904181610/tools/bin/../lib/gcc/arm-none-eabi/7.3.1/thumb/v6-m/crtn.o
OUTPUT(stm32f0xx_drivers.elf elf32-littlearm)

.debug_info     0x0000000000000000     0x169c
 .debug_info    0x0000000000000000      0x641 Drivers/Src/stm32f051xx_gpio_driver.o
 .debug_info    0x0000000000000641      0x4bc Drivers/Src/stm32f051xx_spi_driver.o
 .debug_info    0x0000000000000afd      0xb7d Src/spi.o
 .debug_info    0x000000000000167a       0x22 Startup/startup_stm32f051r8tx.o

.debug_abbrev   0x0000000000000000      0x422
 .debug_abbrev  0x0000000000000000      0x159 Drivers/Src/stm32f051xx_gpio_driver.o
 .debug_abbrev  0x0000000000000159      0x10a Drivers/Src/stm32f051xx_spi_driver.o
 .debug_abbrev  0x0000000000000263      0x1ad Src/spi.o
 .debug_abbrev  0x0000000000000410       0x12 Startup/startup_stm32f051r8tx.o

.debug_aranges  0x0000000000000000      0x138
 .debug_aranges
                0x0000000000000000       0x70 Drivers/Src/stm32f051xx_gpio_driver.o
 .debug_aranges
                0x0000000000000070       0x70 Drivers/Src/stm32f051xx_spi_driver.o
 .debug_aranges
                0x00000000000000e0       0x30 Src/spi.o
 .debug_aranges
                0x0000000000000110       0x28 Startup/startup_stm32f051r8tx.o

.debug_ranges   0x0000000000000000      0x100
 .debug_ranges  0x0000000000000000       0x60 Drivers/Src/stm32f051xx_gpio_driver.o
 .debug_ranges  0x0000000000000060       0x60 Drivers/Src/stm32f051xx_spi_driver.o
 .debug_ranges  0x00000000000000c0       0x20 Src/spi.o
 .debug_ranges  0x00000000000000e0       0x20 Startup/startup_stm32f051r8tx.o

.debug_macro    0x0000000000000000     0x1e90
 .debug_macro   0x0000000000000000       0x7b Drivers/Src/stm32f051xx_gpio_driver.o
 .debug_macro   0x000000000000007b      0xa54 Drivers/Src/stm32f051xx_gpio_driver.o
 .debug_macro   0x0000000000000acf       0x22 Drivers/Src/stm32f051xx_gpio_driver.o
 .debug_macro   0x0000000000000af1       0x8e Drivers/Src/stm32f051xx_gpio_driver.o
 .debug_macro   0x0000000000000b7f       0x51 Drivers/Src/stm32f051xx_gpio_driver.o
 .debug_macro   0x0000000000000bd0       0xef Drivers/Src/stm32f051xx_gpio_driver.o
 .debug_macro   0x0000000000000cbf       0x6a Drivers/Src/stm32f051xx_gpio_driver.o
 .debug_macro   0x0000000000000d29      0x1df Drivers/Src/stm32f051xx_gpio_driver.o
 .debug_macro   0x0000000000000f08      0x3ff Drivers/Src/stm32f051xx_gpio_driver.o
 .debug_macro   0x0000000000001307       0xd0 Drivers/Src/stm32f051xx_gpio_driver.o
 .debug_macro   0x00000000000013d7       0x7f Drivers/Src/stm32f051xx_spi_driver.o
 .debug_macro   0x0000000000001456       0x94 Drivers/Src/stm32f051xx_spi_driver.o
 .debug_macro   0x00000000000014ea      0x158 Src/spi.o
 .debug_macro   0x0000000000001642       0x46 Src/spi.o
 .debug_macro   0x0000000000001688       0x18 Src/spi.o
 .debug_macro   0x00000000000016a0       0x3c Src/spi.o
 .debug_macro   0x00000000000016dc       0x34 Src/spi.o
 .debug_macro   0x0000000000001710      0x174 Src/spi.o
 .debug_macro   0x0000000000001884       0x52 Src/spi.o
 .debug_macro   0x00000000000018d6       0x1f Src/spi.o
 .debug_macro   0x00000000000018f5       0x43 Src/spi.o
 .debug_macro   0x0000000000001938       0x20 Src/spi.o
 .debug_macro   0x0000000000001958      0x1a3 Src/spi.o
 .debug_macro   0x0000000000001afb      0x330 Src/spi.o
 .debug_macro   0x0000000000001e2b       0x10 Src/spi.o
 .debug_macro   0x0000000000001e3b       0x35 Src/spi.o
 .debug_macro   0x0000000000001e70       0x20 Src/spi.o

.debug_line     0x0000000000000000     0x10c3
 .debug_line    0x0000000000000000      0x5a4 Drivers/Src/stm32f051xx_gpio_driver.o
 .debug_line    0x00000000000005a4      0x4f7 Drivers/Src/stm32f051xx_spi_driver.o
 .debug_line    0x0000000000000a9b      0x5a4 Src/spi.o
 .debug_line    0x000000000000103f       0x84 Startup/startup_stm32f051r8tx.o

.debug_str      0x0000000000000000     0x89db
 .debug_str     0x0000000000000000     0x539d Drivers/Src/stm32f051xx_gpio_driver.o
                                       0x553b (size before relaxing)
 .debug_str     0x000000000000539d      0x3e1 Drivers/Src/stm32f051xx_spi_driver.o
                                       0x546c (size before relaxing)
 .debug_str     0x000000000000577e     0x322c Src/spi.o
                                       0x88d1 (size before relaxing)
 .debug_str     0x00000000000089aa       0x31 Startup/startup_stm32f051r8tx.o
                                         0x6b (size before relaxing)

.comment        0x0000000000000000       0x7b
 .comment       0x0000000000000000       0x7b Drivers/Src/stm32f051xx_gpio_driver.o
                                         0x7c (size before relaxing)
 .comment       0x000000000000007b       0x7c Drivers/Src/stm32f051xx_spi_driver.o
 .comment       0x000000000000007b       0x7c Src/spi.o

.debug_frame    0x0000000000000000      0x380
 .debug_frame   0x0000000000000000      0x174 Drivers/Src/stm32f051xx_gpio_driver.o
 .debug_frame   0x0000000000000174      0x170 Drivers/Src/stm32f051xx_spi_driver.o
 .debug_frame   0x00000000000002e4       0x70 Src/spi.o
 .debug_frame   0x0000000000000354       0x2c c:/st/stm32cubeide_1.1.0/stm32cubeide/plugins/com.st.stm32cube.ide.mcu.externaltools.gnu-tools-for-stm32.7-2018-q2-update.win32_1.0.0.201904181610/tools/bin/../lib/gcc/arm-none-eabi/7.3.1/../../../../arm-none-eabi/lib/thumb/v6-m\libc_nano.a(lib_a-init.o)
